BD: libsql://fuel-bosses.aws-eu-west-1.turso.io
Fecha máxima actual: 2026-09-22

→ Ingesta de productos...
[ingest] Obteniendo productos petrolíferos...
[ingest] Productos completados: 30 productos
[ingest] Obteniendo estaciones de provincia 01...
[ingest] Obteniendo estaciones de provincia 02...
[ingest] Obteniendo estaciones de provincia 03...
[ingest] Obteniendo estaciones de provincia 04...
[ingest] Obteniendo estaciones de provincia 05...
[ingest] Obteniendo estaciones de provincia 06...
[ingest] Obteniendo estaciones de provincia 07...
[ingest] Obteniendo estaciones de provincia 08...
[ingest] Fecha de consulta: 2026-09-22, estaciones: 74
[ingest] Fecha de consulta: 2026-09-22, estaciones: 70
[ingest] Fecha de consulta: 2026-09-22, estaciones: 223
[ingest] Fecha de consulta: 2026-09-22, estaciones: 155
[ingest] Fecha de consulta: 2026-09-22, estaciones: 286
[ingest] Fecha de consulta: 2026-09-22, estaciones: 229
[ingest] Fecha de consulta: 2026-09-22, estaciones: 480
[ingest] Fecha de consulta: 2026-09-22, estaciones: 802
[ingest] Precio descartado 5845/prod 26: precio 2.18 por encima del máximo físico (2)
[ingest] Ingestión completada: 74 estaciones
[ingest] Ingestión completada: 70 estaciones
[ingest] Ingestión completada: 223 estaciones
[ingest] Ingestión completada: 155 estaciones
[ingest] Ingestión completada: 480 estaciones
[ingest] Ingestión completada: 286 estaciones
[ingest] Ingestión completada: 229 estaciones
[ingest] Ingestión completada: 802 estaciones
  [8/52] provincias procesadas...
[ingest] Obteniendo estaciones de provincia 09...
[ingest] Obteniendo estaciones de provincia 10...
[ingest] Obteniendo estaciones de provincia 11...
[ingest] Obteniendo estaciones de provincia 12...
[ingest] Obteniendo estaciones de provincia 13...
[ingest] Obteniendo estaciones de provincia 14...
[ingest] Obteniendo estaciones de provincia 15...
[ingest] Obteniendo estaciones de provincia 16...
[ingest] Fecha de consulta: 2026-09-22, estaciones: 119
[ingest] Fecha de consulta: 2026-09-22, estaciones: 138
[ingest] Fecha de consulta: 2026-09-22, estaciones: 158
[ingest] Fecha de consulta: 2026-09-22, estaciones: 292
[ingest] Fecha de consulta: 2026-09-22, estaciones: 209
[ingest] Fecha de consulta: 2026-09-22, estaciones: 288
[ingest] Fecha de consulta: 2026-09-22, estaciones: 217
[ingest] Fecha de consulta: 2026-09-22, estaciones: 198
[ingest] Ingestión completada: 158 estaciones
[ingest] Ingestión completada: 119 estaciones
[ingest] Ingestión completada: 292 estaciones
[ingest] Ingestión completada: 288 estaciones
[ingest] Ingestión completada: 217 estaciones
[ingest] Ingestión completada: 138 estaciones
[ingest] Ingestión completada: 209 estaciones
[ingest] Ingestión completada: 198 estaciones
  [16/52] provincias procesadas...
[ingest] Obteniendo estaciones de provincia 17...
[ingest] Obteniendo estaciones de provincia 18...
[ingest] Obteniendo estaciones de provincia 19...
[ingest] Obteniendo estaciones de provincia 20...
[ingest] Obteniendo estaciones de provincia 21...
[ingest] Obteniendo estaciones de provincia 22...
[ingest] Obteniendo estaciones de provincia 23...
[ingest] Obteniendo estaciones de provincia 24...
[ingest] Fecha de consulta: 2026-09-22, estaciones: 93
[ingest] Fecha de consulta: 2026-09-22, estaciones: 167
[ingest] Fecha de consulta: 2026-09-22, estaciones: 143
[ingest] Fecha de consulta: 2026-09-22, estaciones: 147
[ingest] Fecha de consulta: 2026-09-22, estaciones: 123
[ingest] Fecha de consulta: 2026-09-22, estaciones: 272
[ingest] Fecha de consulta: 2026-09-22, estaciones: 285
[ingest] Fecha de consulta: 2026-09-22, estaciones: 214
[ingest] Ingestión completada: 93 estaciones
[ingest] Ingestión completada: 167 estaciones
[ingest] Ingestión completada: 143 estaciones
[ingest] Ingestión completada: 147 estaciones
[ingest] Ingestión completada: 123 estaciones
[ingest] Ingestión completada: 272 estaciones
[ingest] Ingestión completada: 214 estaciones
[ingest] Ingestión completada: 285 estaciones
  [24/52] provincias procesadas...
[ingest] Obteniendo estaciones de provincia 25...
[ingest] Obteniendo estaciones de provincia 26...
[ingest] Obteniendo estaciones de provincia 27...
[ingest] Obteniendo estaciones de provincia 28...
[ingest] Obteniendo estaciones de provincia 29...
[ingest] Obteniendo estaciones de provincia 30...
[ingest] Obteniendo estaciones de provincia 31...
[ingest] Obteniendo estaciones de provincia 32...
[ingest] Fecha de consulta: 2026-09-22, estaciones: 83
[ingest] Fecha de consulta: 2026-09-22, estaciones: 87
[ingest] Fecha de consulta: 2026-09-22, estaciones: 186
[ingest] Fecha de consulta: 2026-09-22, estaciones: 307
[ingest] Fecha de consulta: 2026-09-22, estaciones: 255
[ingest] Fecha de consulta: 2026-09-22, estaciones: 130
[ingest] Fecha de consulta: 2026-09-22, estaciones: 466
[ingest] Fecha de consulta: 2026-09-22, estaciones: 894
[ingest] Precio sospechoso (guardado) 3125/prod 27: salto de 87.6 % respecto al precio anterior (1.165)
[ingest] Ingestión completada: 87 estaciones
[ingest] Ingestión completada: 83 estaciones
[ingest] Ingestión completada: 186 estaciones
[ingest] Ingestión completada: 307 estaciones
[ingest] Ingestión completada: 255 estaciones
[ingest] Ingestión completada: 130 estaciones
[ingest] Ingestión completada: 466 estaciones
[ingest] Ingestión completada: 894 estaciones
  [32/52] provincias procesadas...
[ingest] Obteniendo estaciones de provincia 33...
[ingest] Obteniendo estaciones de provincia 34...
[ingest] Obteniendo estaciones de provincia 35...
[ingest] Obteniendo estaciones de provincia 36...
[ingest] Obteniendo estaciones de provincia 37...
[ingest] Obteniendo estaciones de provincia 38...
[ingest] Obteniendo estaciones de provincia 39...
[ingest] Obteniendo estaciones de provincia 40...
[ingest] Fecha de consulta: 2026-09-22, estaciones: 74
[ingest] Fecha de consulta: 2026-09-22, estaciones: 77
[ingest] Fecha de consulta: 2026-09-22, estaciones: 241
[ingest] Fecha de consulta: 2026-09-22, estaciones: 243
[ingest] Fecha de consulta: 2026-09-22, estaciones: 228
[ingest] Fecha de consulta: 2026-09-22, estaciones: 112
[ingest] Fecha de consulta: 2026-09-22, estaciones: 255
[ingest] Fecha de consulta: 2026-09-22, estaciones: 168
[ingest] Precio descartado 9664/prod 26: precio 2.46 por encima del máximo físico (2)
[ingest] Precio descartado 10133/prod 22: precio 9.9 por encima del máximo físico (5)
[ingest] Ingestión completada: 77 estaciones
[ingest] Ingestión completada: 241 estaciones
[ingest] Ingestión completada: 74 estaciones
[ingest] Ingestión completada: 243 estaciones
[ingest] Ingestión completada: 228 estaciones
[ingest] Ingestión completada: 112 estaciones
[ingest] Ingestión completada: 168 estaciones
[ingest] Ingestión completada: 255 estaciones
  [40/52] provincias procesadas...
[ingest] Obteniendo estaciones de provincia 41...
[ingest] Obteniendo estaciones de provincia 42...
[ingest] Obteniendo estaciones de provincia 43...
[ingest] Obteniendo estaciones de provincia 44...
[ingest] Obteniendo estaciones de provincia 45...
[ingest] Obteniendo estaciones de provincia 46...
[ingest] Obteniendo estaciones de provincia 47...
[ingest] Obteniendo estaciones de provincia 48...
[ingest] Fecha de consulta: 2026-09-22, estaciones: 43
[ingest] Fecha de consulta: 2026-09-22, estaciones: 71
[ingest] Fecha de consulta: 2026-09-22, estaciones: 132
[ingest] Fecha de consulta: 2026-09-22, estaciones: 151
[ingest] Fecha de consulta: 2026-09-22, estaciones: 235
[ingest] Fecha de consulta: 2026-09-22, estaciones: 243
[ingest] Fecha de consulta: 2026-09-22, estaciones: 443
[ingest] Fecha de consulta: 2026-09-22, estaciones: 637
[ingest] Precio descartado 4004/prod 26: precio 3.413 por encima del máximo físico (2)
[ingest] Precio descartado 3959/prod 26: precio 3.413 por encima del máximo físico (2)
[ingest] Ingestión completada: 43 estaciones
[ingest] Ingestión completada: 71 estaciones
[ingest] Ingestión completada: 132 estaciones
[ingest] Ingestión completada: 151 estaciones
[ingest] Ingestión completada: 235 estaciones
[ingest] Ingestión completada: 243 estaciones
[ingest] Ingestión completada: 443 estaciones
[ingest] Ingestión completada: 637 estaciones
  [48/52] provincias procesadas...
[ingest] Obteniendo estaciones de provincia 49...
[ingest] Obteniendo estaciones de provincia 50...
[ingest] Obteniendo estaciones de provincia 51...
[ingest] Obteniendo estaciones de provincia 52...
[ingest] Fecha de consulta: 2026-09-22, estaciones: 10
[ingest] Fecha de consulta: 2026-09-22, estaciones: 12
[ingest] Fecha de consulta: 2026-09-22, estaciones: 89
[ingest] Fecha de consulta: 2026-09-22, estaciones: 235
[ingest] Precio descartado 1445/prod 22: precio 25 por encima del máximo físico (5)
[ingest] Ingestión completada: 10 estaciones
[ingest] Ingestión completada: 12 estaciones
[ingest] Ingestión completada: 89 estaciones
[ingest] Ingestión completada: 235 estaciones
  [52/52] provincias procesadas...

✔ Ingesta completada: 52/52 provincias, 0 con error
Fecha máxima tras ingesta: 2026-09-22

→ Mantenimiento diario (agregados, retención, resumen_nacional)...
✔ Agregados: 12259 filas | Borrados (retención): 0 | Mes cerrado: —

✔ TODO LISTO — fecha máxima en BD: 2026-09-22
